// Jest Snapshot v1, https://goo.gl/fbAQLP

exports[`renders without crashing, matches the snapshot 1`] = `
Array [
  <h1
    className="Typography-root-0-1-2 Typography-title-0-1-3 Typography-title-0-1-14"
  >
    Lorem Ipsum Dolor Sit Amet
  </h1>,
  <p
    className="Typography-root-0-1-2 Typography-body-0-1-10 Typography-body-0-1-29"
  >
    Lorem Ipsum Dolor Sit Amet
  </p>,
  <h2
    className="Typography-root-0-1-2 Typography-heading2-0-1-4 Typography-heading2-0-1-33 Typography-gutterBottom-0-1-12 Typography-gutterBottom-0-1-40"
  >
    Lorem Ipsum Dolor Sit Amet
  </h2>,
  <h3
    className="Typography-root-0-1-2 Typography-heading3-0-1-5 Typography-heading3-0-1-43"
  >
    Lorem Ipsum Dolor Sit Amet
  </h3>,
  <h4
    className="Typography-root-0-1-2 Typography-heading4-0-1-6 Typography-heading4-0-1-53"
  >
    Lorem Ipsum Dolor Sit Amet
  </h4>,
  <h5
    className="Typography-root-0-1-2 Typography-heading5-0-1-7 Typography-heading5-0-1-63"
  >
    Lorem Ipsum Dolor Sit Amet
  </h5>,
  <h6
    className="Typography-root-0-1-2 Typography-subHeading-0-1-8 Typography-subHeading-0-1-73"
  >
    Lorem Ipsum Dolor Sit Amet
  </h6>,
  <span
    className="Typography-root-0-1-2 Typography-subHeading2-0-1-9"
  >
    Lorem Ipsum Dolor Sit Amet
  </span>,
  <h1
    className="Typography-root-0-1-2 Typography-title-0-1-3 Typography-title-0-1-86"
    component="span"
  >
    Lorem Ipsum Dolor Sit Amet
  </h1>,
]
`;
