// Jest Snapshot v1, https://goo.gl/fbAQLP

exports[`renders without crashing, matches the snapshot 1`] = `
Array [
  <h1
    className="Typography-root-0-1-2 Typography-title-0-1-3 Typography-title-0-1-13"
  >
    Lorem Ipsum Dolor Sit Amet
  </h1>,
  <p
    className="Typography-root-0-1-2 Typography-body-0-1-9 Typography-body-0-1-28"
  >
    Lorem Ipsum Dolor Sit Amet
  </p>,
  <h2
    className="Typography-root-0-1-2 Typography-heading2-0-1-4 Typography-heading2-0-1-32 Typography-gutterBottom-0-1-11 Typography-gutterBottom-0-1-39"
  >
    Lorem Ipsum Dolor Sit Amet
  </h2>,
  <h3
    className="Typography-root-0-1-2 Typography-heading3-0-1-5 Typography-heading3-0-1-42"
  >
    Lorem Ipsum Dolor Sit Amet
  </h3>,
  <h4
    className="Typography-root-0-1-2 Typography-heading4-0-1-6 Typography-heading4-0-1-52"
  >
    Lorem Ipsum Dolor Sit Amet
  </h4>,
  <h5
    className="Typography-root-0-1-2 Typography-heading5-0-1-7 Typography-heading5-0-1-62"
  >
    Lorem Ipsum Dolor Sit Amet
  </h5>,
  <h6
    className="Typography-root-0-1-2 Typography-subHeading-0-1-8 Typography-subHeading-0-1-72"
  >
    Lorem Ipsum Dolor Sit Amet
  </h6>,
  <h1
    className="Typography-root-0-1-2 Typography-title-0-1-3 Typography-title-0-1-76"
    component="span"
  >
    Lorem Ipsum Dolor Sit Amet
  </h1>,
]
`;
