// Jest Snapshot v1, https://goo.gl/fbAQLP

exports[`renders without crashing, matches the snapshot 1`] = `
<div
  className="Feed-root-0-1-2"
>
  <div
    className="FeedSection-root-0-1-3"
  >
    <h3
      className="Typography-root-0-1-6 Typography-heading3-0-1-9 Typography-heading3-0-1-19 Typography-gutterBottom-0-1-15 Typography-gutterBottom-0-1-25"
    >
      Latest News
       (loading...)
    </h3>
    <div
      className="FeedSection-cards-0-1-4"
    />
  </div>
  <div
    className="FeedSection-root-0-1-3"
  >
    <h3
      className="Typography-root-0-1-6 Typography-heading3-0-1-9 Typography-heading3-0-1-28 Typography-gutterBottom-0-1-15 Typography-gutterBottom-0-1-34"
    >
      Tips
       (loading...)
    </h3>
    <div
      className="FeedSection-cards-0-1-4"
    />
  </div>
</div>
`;
