// Jest Snapshot v1, https://goo.gl/fbAQLP

exports[`renders without crashing, matches the snapshot 1`] = `
<div
  className="Toggle-scaffold-0-1-2"
>
  <label
    className="Toggle-root-0-1-3"
    onKeyDown={[Function]}
    tabIndex="0"
  >
    <input
      checked={true}
      id="test-checkbox"
      name="test-checkbox"
      onBlur={[Function]}
      onChange={[Function]}
      style={
        Object {
          "display": "none",
        }
      }
      type="checkbox"
      value={false}
    />
    <span
      className="Toggle-toggle-0-1-4 Toggle-withPadding-0-1-5"
    >
      <svg
        viewBox="0 0 24 24"
        xmlns="http://www.w3.org/2000/svg"
      >
        <path
          d="M19 3H5a2 2 0 0 0-2 2v14a2 2 0 0 0 2 2h14a2 2 0 0 0 2-2V5a2 2 0 0 0-2-2zm-9 14l-5-5 1.41-1.41L10 14.17l7.59-7.59L19 8l-9 9z"
        />
      </svg>
    </span>
    <span
      className="Toggle-label-0-1-6"
    >
      Test Checkbox
    </span>
  </label>
</div>
`;
