// Jest Snapshot v1, https://goo.gl/fbAQLP

exports[`renders without crashing, matches the snapshot 1`] = `
<button
  className="Button-root-0-1-6 Button-root-0-1-1"
>
  <div
    className="Button-children-0-1-7 Button-children-0-1-2"
    onClick={[Function]}
  >
    Save and Continue
  </div>
  <span
    className="Button-ripple-0-1-8 Button-ripple-0-1-4"
  />
</button>
`;
