// Jest Snapshot v1, https://goo.gl/fbAQLP

exports[`renders without crashing, matches the snapshot 1`] = `
<div
  className="RadioGroup-scaffold-0-1-1"
>
  <div
    className="RadioGroup-toggles-0-1-2"
  >
    <div
      className="Toggle-scaffold-0-1-4"
    >
      <label
        className="Toggle-root-0-1-5"
        onKeyDown={[Function]}
        tabIndex="0"
      >
        <input
          checked={false}
          disabled={false}
          id="first"
          name="test-radio"
          onChange={[Function]}
          style={
            Object {
              "display": "none",
            }
          }
          type="radio"
          value="first"
        />
        <span
          className="Toggle-toggle-0-1-6 Toggle-withPadding-0-1-7"
        >
          <svg
            viewBox="0 0 24 24"
            xmlns="http://www.w3.org/2000/svg"
          >
            <path
              d="M12 2C6.48 2 2 6.48 2 12s4.48 10 10 10 10-4.48 10-10S17.52 2 12 2zm0 18c-4.42 0-8-3.58-8-8s3.58-8 8-8 8 3.58 8 8-3.58 8-8 8z"
            />
          </svg>
        </span>
        <span
          className="Toggle-label-0-1-8"
        >
          First
        </span>
      </label>
    </div>
    <div
      className="Toggle-scaffold-0-1-4"
    >
      <label
        className="Toggle-root-0-1-5"
        onKeyDown={[Function]}
        tabIndex="0"
      >
        <input
          checked={false}
          disabled={false}
          id="second"
          name="test-radio"
          onChange={[Function]}
          style={
            Object {
              "display": "none",
            }
          }
          type="radio"
          value="second"
        />
        <span
          className="Toggle-toggle-0-1-6 Toggle-withPadding-0-1-7"
        >
          <svg
            viewBox="0 0 24 24"
            xmlns="http://www.w3.org/2000/svg"
          >
            <path
              d="M12 2C6.48 2 2 6.48 2 12s4.48 10 10 10 10-4.48 10-10S17.52 2 12 2zm0 18c-4.42 0-8-3.58-8-8s3.58-8 8-8 8 3.58 8 8-3.58 8-8 8z"
            />
          </svg>
        </span>
        <span
          className="Toggle-label-0-1-8"
        >
          Second
        </span>
      </label>
    </div>
  </div>
</div>
`;
