// Jest Snapshot v1, https://goo.gl/fbAQLP

exports[`renders without crashing, matches the snapshot 1`] = `
<div
  className="Scaffold-root-0-1-9"
>
  <label
    className="Label-root-0-1-10"
  >
    Test ButtonGroup
  </label>
  <div
    className="ButtonGroup-toggles-0-1-1 ButtonGroup-inline-0-1-2"
  >
    <label
      className="ButtonGroup-button-0-1-4"
      onClick={[Function]}
    >
      <span
        className="ButtonGroup-spanText-0-1-5"
      >
        Teal
      </span>
      <input
        className="ButtonGroup-hiddenInput-0-1-3"
        id="teal"
        name="buttongroup"
        onChange={[Function]}
        type="radio"
      />
    </label>
    <label
      className="ButtonGroup-button-0-1-4"
      onClick={[Function]}
    >
      <span
        className="ButtonGroup-spanText-0-1-5"
      >
        Brown
      </span>
      <input
        className="ButtonGroup-hiddenInput-0-1-3"
        id="brown"
        name="buttongroup"
        onChange={[Function]}
        type="radio"
      />
    </label>
    <label
      className="ButtonGroup-button-0-1-4"
      onClick={[Function]}
    >
      <span
        className="ButtonGroup-spanText-0-1-5"
      >
        Black
      </span>
      <input
        className="ButtonGroup-hiddenInput-0-1-3"
        id="black"
        name="buttongroup"
        onChange={[Function]}
        type="radio"
      />
    </label>
    <label
      className="ButtonGroup-button-0-1-4"
      onClick={[Function]}
    >
      <span
        className="ButtonGroup-spanText-0-1-5"
      >
        Pink
      </span>
      <input
        className="ButtonGroup-hiddenInput-0-1-3"
        id="pink"
        name="buttongroup"
        onChange={[Function]}
        type="radio"
      />
    </label>
  </div>
</div>
`;
