// Jest Snapshot v1, https://goo.gl/fbAQLP

exports[`renders without crashing, matches the snapshot 1`] = `
<div
  className="ButtonGroup-scaffold-0-1-1"
>
  <label
    className="Label-root-0-1-10"
  >
    Test ButtonGroup
  </label>
  <div
    className="ButtonGroup-toggles-0-1-2 ButtonGroup-inline-0-1-3"
  />
</div>
`;
