// Jest Snapshot v1, https://goo.gl/fbAQLP

exports[`renders without crashing, matches the snapshot 1`] = `
<div
  className="Scaffold-root-0-1-2"
>
  <input
    className="CurrencyInput-root-0-1-1"
    id="homeValue"
    name=""
    onBlur={[Function]}
    onChange={[Function]}
    onFocus={[Function]}
    onMouseUp={[Function]}
    tabIndex="0"
    type="text"
    value=""
  />
</div>
`;
