// Jest Snapshot v1, https://goo.gl/fbAQLP

exports[`renders without crashing, matches the snapshot 1`] = `
<div
  className="Scaffold-root-0-1-7"
>
  <div
    className="NumberIncrement-root-0-1-2"
  >
    <button
      className="NumberIncrement-button-0-1-4 NumberIncrement-buttonLeft-0-1-5"
      onClick={[Function]}
      type="button"
    >
      <svg
        fill="currentcolor"
        height={16}
        viewBox="0 0 24 24"
        width={16}
      >
        <path
          d="M19 13H5v-2h14v2z"
        />
      </svg>
    </button>
    <input
      className="NumberIncrement-input-0-1-3"
      id="number"
      max={100}
      min={0}
      name="number"
      onBlur={[Function]}
      onChange={[Function]}
      places={0}
      type="number"
      value={10}
    />
    <button
      className="NumberIncrement-button-0-1-4 NumberIncrement-buttonRight-0-1-6"
      onClick={[Function]}
      type="button"
    >
      <svg
        fill="currentcolor"
        height={16}
        viewBox="0 0 24 24"
        width={16}
      >
        <path
          d="M19 13h-6v6h-2v-6H5v-2h6V5h2v6h6v2z"
        />
      </svg>
    </button>
  </div>
</div>
`;
