// Jest Snapshot v1, https://goo.gl/fbAQLP

exports[`renders without crashing, matches the snapshot 1`] = `
<div
  aria-expanded={false}
  aria-haspopup="listbox"
  aria-labelledby="downshift-0-label"
  aria-owns={null}
  role="combobox"
>
  <div
    className="Scaffold-root-0-1-9"
  >
    <div
      className="Select-wrapper-0-1-1 Select-wrapper-0-1-8"
      onClick={[Function]}
    >
      <input
        aria-activedescendant={null}
        aria-autocomplete="list"
        aria-controls={null}
        aria-labelledby="downshift-0-label"
        autoComplete="off"
        className="Select-root-0-1-2"
        id="downshift-0-input"
        onBlur={[Function]}
        onChange={[Function]}
        onFocus={[Function]}
        onKeyDown={[Function]}
        value=""
      />
      <input
        name=""
        type="hidden"
        value=""
      />
      <button
        className="Select-arrow-0-1-3"
        type="button"
      >
        <svg
          height={24}
          transform={null}
          viewBox="0 0 1792 1792"
          width={24}
        >
          <path
            d="M1395 736q0 13-10 23l-466 466q-10 10-23 10t-23-10l-466-466q-10-10-10-23t10-23l50-50q10-10 23-10t23 10l393 393 393-393q10-10 23-10t23 10l50 50q10 10 10 23z"
            fill="#ccd2d8"
          />
        </svg>
      </button>
      
    </div>
  </div>
</div>
`;
