// Jest Snapshot v1, https://goo.gl/fbAQLP

exports[`renders without crashing, matches the snapshot 1`] = `
<div
  className="Scaffold-root-0-1-2"
>
  <input
    className="Input-root-0-1-1"
    id="firstName"
    name=""
    onBlur={[Function]}
    onChange={[Function]}
    tabIndex="0"
    value={null}
  />
</div>
`;
