// Jest Snapshot v1, https://goo.gl/fbAQLP

exports[`renders without crashing, matches the snapshot 1`] = `
<a
  className="Tab-root-0-1-2 Tab-active-0-1-3"
  href="https://elevate-ui.com"
  theme={
    Object {
      "alertColors": Object {
        "error": Object {
          "backgroundColor": "#ffeded",
          "borderColor": "#FFD4D4",
          "color": "#610404",
        },
        "info": Object {
          "backgroundColor": "#E9F5FF",
          "borderColor": "#D6E4F0",
          "color": "#023052",
        },
        "success": Object {
          "backgroundColor": "#f4fff5",
          "borderColor": "#D4F4D4",
          "color": "#043E06",
        },
        "warning": Object {
          "backgroundColor": "#FFFCF0",
          "borderColor": "#FFF2CE",
          "color": "#672F0D",
        },
      },
      "borders": Object {
        "default": "1px solid #dde2e7",
      },
      "breakpoints": [Function],
      "colors": Object {
        "black": "#11181e",
        "elevateRed": Object {
          "050": "#ffeded",
          "100": "#FFE4E4",
          "200": "#FFD4D4",
          "300": "#F99E9B",
          "400": "#F17772",
          "500": "#F15953",
          "600": "#D2413B",
          "700": "#A82B26",
          "800": "#821410",
          "900": "#610404",
        },
        "error": "#9c2929",
        "facebook": "#3b5998",
        "google": "#db4437",
        "gray": Object {
          "050": "#fbfcfd",
          "100": "#edf1f4",
          "200": "#dde2e7",
          "300": "#ccd2d8",
          "400": "#b3bac1",
          "500": "#888f96",
          "600": "#60686f",
          "700": "#4b565f",
          "800": "#3E464F",
          "900": "#232c35",
        },
        "gray050": "#fbfcfd",
        "gray100": "#edf1f4",
        "gray200": "#dde2e7",
        "gray300": "#ccd2d8",
        "gray400": "#b3bac1",
        "gray500": "#888f96",
        "gray600": "#60686f",
        "gray700": "#4b565f",
        "gray800": "#3E464F",
        "gray900": "#232c35",
        "green": Object {
          "050": "#f4fff5",
          "100": "#E0F9E0",
          "200": "#D4F4D4",
          "300": "#9EE9A1",
          "400": "#6DCA71",
          "500": "#4CAF50",
          "600": "#37983A",
          "700": "#1E7C21",
          "800": "#105E12",
          "900": "#043E06",
        },
        "linkedin": "#007bb5",
        "orange": Object {
          "050": "#FEF5F0",
          "100": "#FFF0E7",
          "200": "#FFEADE",
          "300": "#FFC4A3",
          "400": "#F5A375",
          "500": "#EF8E58",
          "600": "#C65D21",
          "700": "#8C3D10",
          "800": "#77340D",
          "900": "#572508",
        },
        "pink": Object {
          "050": "#FFF2F9",
          "100": "#FDE5F2",
          "200": "#F9DBEC",
          "300": "#FF94C2",
          "400": "#F25087",
          "500": "#E91E63",
          "600": "#C91854",
          "700": "#A91354",
          "800": "#800C49",
          "900": "#5C0B33",
        },
        "pinterest": "#bd081c",
        "primary": Object {
          "050": "#ffeded",
          "100": "#FFE4E4",
          "200": "#FFD4D4",
          "300": "#F99E9B",
          "400": "#F17772",
          "500": "#F15953",
          "600": "#D2413B",
          "700": "#A82B26",
          "800": "#821410",
          "900": "#610404",
        },
        "primaryDark": "#610404",
        "primaryLight": "#ffeded",
        "purple": Object {
          "050": "#F7F3FF",
          "100": "#F1EAFF",
          "200": "#EAE2F8",
          "300": "#A081D9",
          "400": "#835BCD",
          "500": "#673AB7",
          "600": "#51279B",
          "700": "#421987",
          "800": "#34126F",
          "900": "#240754",
        },
        "quaternary": "#F7C948",
        "quaternaryDark": "#672F0D",
        "quaternaryLight": "#FFFCF0",
        "secondary": Object {
          "050": "#F3FFFE",
          "100": "#EBFAF9",
          "200": "#DAF2F1",
          "300": "#9EE5E0",
          "400": "#68D0C8",
          "500": "#55C3BA",
          "600": "#2EA59B",
          "700": "#168C82",
          "800": "#086B62",
          "900": "#014A44",
        },
        "secondaryDark": "#014A44",
        "secondaryLight": "#F3FFFE",
        "tertiary": Object {
          "050": "#E9F5FF",
          "100": "#E1EDF8",
          "200": "#D6E4F0",
          "300": "#80B7E4",
          "400": "#4891CD",
          "500": "#2E7FC2",
          "600": "#19629E",
          "700": "#105188",
          "800": "#073E6C",
          "900": "#023052",
        },
        "tertiaryDark": "#023052",
        "tertiaryLight": "#E9F5FF",
        "twitter": "#1da1f2",
        "white": "#fff",
        "yellow": Object {
          "050": "#FFFCF0",
          "100": "#FFF8E5",
          "200": "#FFF2CE",
          "300": "#FFE292",
          "400": "#F7CF61",
          "500": "#F7C948",
          "600": "#C99400",
          "700": "#905710",
          "800": "#844118",
          "900": "#672F0D",
        },
      },
      "globalBorderRadius": "4px",
      "globalBoxShadow": "0 2px 5px 0 rgba(0,0,0,0.16), 0 2px 10px 0 rgba(0,0,0,0.12)",
      "globalPadding": Object {
        "padding": "12px",
        "undefined": Object {
          "padding": "24px",
        },
      },
      "shadows": Array [
        "0px 1px 3px 0px rgba(0, 0, 0, 0.2),0px 1px 1px 0px rgba(0, 0, 0, 0.14),0px 2px 1px -1px rgba(0, 0, 0, 0.12)",
        "0px 1px 5px 0px rgba(0, 0, 0, 0.2),0px 2px 2px 0px rgba(0, 0, 0, 0.14),0px 3px 1px -2px rgba(0, 0, 0, 0.12)",
        "0px 1px 8px 0px rgba(0, 0, 0, 0.2),0px 3px 4px 0px rgba(0, 0, 0, 0.14),0px 3px 3px -2px rgba(0, 0, 0, 0.12)",
        "0px 2px 4px -1px rgba(0, 0, 0, 0.2),0px 4px 5px 0px rgba(0, 0, 0, 0.14),0px 1px 10px 0px rgba(0, 0, 0, 0.12)",
        "0px 3px 5px -1px rgba(0, 0, 0, 0.2),0px 5px 8px 0px rgba(0, 0, 0, 0.14),0px 1px 14px 0px rgba(0, 0, 0, 0.12)",
        "0px 3px 5px -1px rgba(0, 0, 0, 0.2),0px 6px 10px 0px rgba(0, 0, 0, 0.14),0px 1px 18px 0px rgba(0, 0, 0, 0.12)",
        "0px 4px 5px -2px rgba(0, 0, 0, 0.2),0px 7px 10px 1px rgba(0, 0, 0, 0.14),0px 2px 16px 1px rgba(0, 0, 0, 0.12)",
        "0px 5px 5px -3px rgba(0, 0, 0, 0.2),0px 8px 10px 1px rgba(0, 0, 0, 0.14),0px 3px 14px 2px rgba(0, 0, 0, 0.12)",
        "0px 5px 6px -3px rgba(0, 0, 0, 0.2),0px 9px 12px 1px rgba(0, 0, 0, 0.14),0px 3px 16px 2px rgba(0, 0, 0, 0.12)",
        "0px 6px 6px -3px rgba(0, 0, 0, 0.2),0px 10px 14px 1px rgba(0, 0, 0, 0.14),0px 4px 18px 3px rgba(0, 0, 0, 0.12)",
        "0px 6px 7px -4px rgba(0, 0, 0, 0.2),0px 11px 15px 1px rgba(0, 0, 0, 0.14),0px 4px 20px 3px rgba(0, 0, 0, 0.12)",
        "0px 7px 8px -4px rgba(0, 0, 0, 0.2),0px 12px 17px 2px rgba(0, 0, 0, 0.14),0px 5px 22px 4px rgba(0, 0, 0, 0.12)",
        "0px 7px 8px -4px rgba(0, 0, 0, 0.2),0px 13px 19px 2px rgba(0, 0, 0, 0.14),0px 5px 24px 4px rgba(0, 0, 0, 0.12)",
        "0px 7px 9px -4px rgba(0, 0, 0, 0.2),0px 14px 21px 2px rgba(0, 0, 0, 0.14),0px 5px 26px 4px rgba(0, 0, 0, 0.12)",
        "0px 8px 9px -5px rgba(0, 0, 0, 0.2),0px 15px 22px 2px rgba(0, 0, 0, 0.14),0px 6px 28px 5px rgba(0, 0, 0, 0.12)",
        "0px 8px 10px -5px rgba(0, 0, 0, 0.2),0px 16px 24px 2px rgba(0, 0, 0, 0.14),0px 6px 30px 5px rgba(0, 0, 0, 0.12)",
        "0px 8px 11px -5px rgba(0, 0, 0, 0.2),0px 17px 26px 2px rgba(0, 0, 0, 0.14),0px 6px 32px 5px rgba(0, 0, 0, 0.12)",
        "0px 9px 11px -5px rgba(0, 0, 0, 0.2),0px 18px 28px 2px rgba(0, 0, 0, 0.14),0px 7px 34px 6px rgba(0, 0, 0, 0.12)",
        "0px 9px 12px -6px rgba(0, 0, 0, 0.2),0px 19px 29px 2px rgba(0, 0, 0, 0.14),0px 7px 36px 6px rgba(0, 0, 0, 0.12)",
        "0px 10px 13px -6px rgba(0, 0, 0, 0.2),0px 20px 31px 3px rgba(0, 0, 0, 0.14),0px 8px 38px 7px rgba(0, 0, 0, 0.12)",
        "0px 10px 13px -6px rgba(0, 0, 0, 0.2),0px 21px 33px 3px rgba(0, 0, 0, 0.14),0px 8px 40px 7px rgba(0, 0, 0, 0.12)",
        "0px 10px 14px -6px rgba(0, 0, 0, 0.2),0px 22px 35px 3px rgba(0, 0, 0, 0.14),0px 8px 42px 7px rgba(0, 0, 0, 0.12)",
        "0px 11px 14px -7px rgba(0, 0, 0, 0.2),0px 23px 36px 3px rgba(0, 0, 0, 0.14),0px 9px 44px 8px rgba(0, 0, 0, 0.12)",
        "0px 11px 15px -7px rgba(0, 0, 0, 0.2),0px 24px 38px 3px rgba(0, 0, 0, 0.14),0px 9px 46px 8px rgba(0, 0, 0, 0.12)",
      ],
      "spacing": Object {
        "unit": 16,
      },
      "transitions": Object {
        "accordion": "all 2s ease-in-out",
        "default": "all 200ms linear",
      },
      "typography": Object {
        "bodyColor": "#2E2E35",
        "fontFamily": "'Open Sans', -apple-system, BlinkMacSystemFont, 'Segoe UI', 'Roboto', 'Oxygen', 'Ubuntu', 'Cantarell', 'Fira Sans', 'Droid Sans', 'Helvetica Neue', sans-serif",
        "fontSize": "1rem",
      },
      "zIndex": Object {
        "buttonBase": 0,
        "buttonChildren": 1,
        "dropdown": 1500,
        "modal": 2000,
        "selectDropdown": 2,
        "tableLoading": -1,
        "tableLoadingActive": 2,
        "tableResizer": 10,
        "tooltip": 1000,
      },
    }
  }
>
  Elevate UI
</a>
`;
