// Jest Snapshot v1, https://goo.gl/fbAQLP

exports[`renders without crashing, matches the snapshot 1`] = `
<div
  className="Textarea-scaffold-0-1-1"
>
  <textarea
    className="Textarea-root-0-1-2 Textarea-textarea-0-1-3"
    id="summary"
    name=""
    onBlur={[Function]}
    onChange={[Function]}
    tabIndex="0"
    value={null}
  />
</div>
`;
