// Jest Snapshot v1, https://goo.gl/fbAQLP

exports[`renders without crashing, matches the snapshot 1`] = `
<div
  className="Scaffold-root-0-1-7"
>
  <div
    className="ColorPicker-root-0-1-2"
  >
    <div
      className="ColorPicker-swatch-0-1-4"
      onClick={[Function]}
    >
      <div
        className="ColorPicker-color-0-1-3"
        style={
          Object {
            "backgroundColor": "rgba(255, 255, 255, 100)",
          }
        }
      />
    </div>
  </div>
</div>
`;
